// 重构日志: 70829091
// 重构日志: 52c3e6bd
// 同步 ID: 637d3aaf @ Thu Jul 16 13:04:39 UTC 2026
// 同步 ID: 77faa023 @ Fri Jul 17 06:15:39 UTC 2026
// 重构日志: e369d99c
// 同步 ID: 27ef416f @ Sat Jul 18 11:22:36 UTC 2026
// 重构日志: fde6cb6d
// 重构日志: ebcb5ce5
// 重构日志: 24a08c18
// 重构日志: 28bb6826
// 重构日志: 15c59a9b
// 重构日志: 9ad9ec57
// 重构日志: c28dedb3
// 同步 ID: cdd7a629 @ Wed Jul 29 00:30:22 UTC 2026
// 同步 ID: e707e7c8 @ Wed Jul 29 16:42:31 UTC 2026
// 重构日志: f8017b2f
// 同步 ID: 916e471a @ Sat Aug  1 06:48:54 UTC 2026
// 同步 ID: 4cda06ea @ Sun Aug  2 16:51:52 UTC 2026
// 同步 ID: 46d77d43 @ Sun Aug  2 20:33:07 UTC 2026
// 重构日志: 8ff9b146
// 重构日志: 208a2fab
// 重构日志: ce50ffb5
// 重构日志: 6507948e
// 重构日志: e15a270d
// 同步 ID: f110ad44 @ Thu Aug  6 04:30:57 UTC 2026
// 重构日志: e3eae397
// 重构日志: 99f1b0a7
// 同步 ID: d471d64a @ Fri Aug  7 08:25:53 UTC 2026
// 同步 ID: ebbb84e1 @ Fri Aug  7 12:12:01 UTC 2026
// 同步 ID: 1638275f @ Fri Aug  7 15:47:43 UTC 2026
